Mastermind                                                                                                              PAGE 1
                         1     ;Ausgabe über Port 2 (Spalte) und Port 3 (Zeile)
                         2     CSEG AT 0H
0000 020100              3     LJMP Init
                         4     ORG 100H
                         5
                         6     Init:
0100 7520FF              7     MOV 020H, #0ffh
0103 7521F8              8     MOV 021H, #0f8h
0106 7522FF              9     MOV 022H, #0ffh
0109 7523FF             10     MOV 023H, #0ffh
010C 7524FF             11     MOV 024H, #0ffh
010F 7525FF             12     MOV 025H, #0ffh
0112 7526FF             13     MOV 026H, #0ffh
0115 7527FF             14     MOV 027H, #0ffh
                        15
0118 02011B             16     JMP Start
                        17
                        18     Start:
011B 7F00               19     MOV R7,#00h
011D 120122             20     CALL IterZellen
0120 80F9               21     JMP Start
                        22
                        23     IterZellen:
0122 12012D             24     CALL Anzeigen
0125 120176             25     CALL LebendeNachbarn
0128 0F                 26     INC R7 ; zeilenweiser Zähler
0129 BF40F6             27     CJNE R7,#040h, IterZellen
012C 22                 28     ret
                        29
                        30     Anzeigen:
012D 75B0FE             31     MOV P3, #0feh
0130 8520A0             32     MOV P2, 020H
0133 75A0FF             33     MOV P2, #0ffh
0136 75B0FD             34     MOV P3, #0fdh
0139 8521A0             35     MOV P2, 021H
013C 75A0FF             36     MOV P2, #0ffh
013F 75B0FB             37     MOV P3, #0fbh
0142 8522A0             38     MOV P2, 022H
0145 75A0FF             39     MOV P2, #0ffh
0148 75B0F7             40     MOV P3, #0f7h
014B 8523A0             41     MOV P2, 023H
014E 75A0FF             42     MOV P2, #0ffh
0151 75B0EF             43     MOV P3, #0efh
0154 8524A0             44     MOV P2, 024H
0157 75A0FF             45     MOV P2, #0ffh
015A 75B0DF             46     MOV P3, #0dfh
015D 8525A0             47     MOV P2, 025H
0160 75A0FF             48     MOV P2, #0ffh
0163 75B0BF             49     MOV P3, #0bfh
0166 8526A0             50     MOV P2, 026H
0169 75A0FF             51     MOV P2, #0ffh
016C 75B07F             52     MOV P3, #07fh
016F 8527A0             53     MOV P2, 027H
0172 75A0FF             54     MOV P2, #0ffh
                        55
                        56     WirSindLebendig:
0175 22                 57     ret
                        58
                        59     LebendeNachbarn:
0176 EF                 60     MOV a,R7
0177 75F008             61     MOV b,#08h
017A 84                 62     DIV ab
017B FE                 63     MOV R6,a ; Ergebnis der Division in R6 (y koord)
017C ADF0               64     MOV R5,b ; Rest der Division in R5 (x koord)
017E 1E                 65     DEC R6
017F 1201F6             66     CALL LadeAktuelleZeile
0182 1D                 67     DEC R5
0183 120258             68     CALL LebtNoch
0186 0D                 69     INC R5
0187 120258             70     CALL LebtNoch
018A 0D                 71     INC R5
018B 120258             72     CALL LebtNoch
018E 0E                 73     INC R6
018F 1201F6             74     CALL LadeAktuelleZeile
0192 120258             75     CALL LebtNoch
0195 0E                 76     INC R6
0196 1201F6             77     CALL LadeAktuelleZeile
0199 120258             78     CALL LebtNoch
019C 1D                 79     DEC R5
019D 120258             80     CALL LebtNoch
01A0 1D                 81     DEC R5
01A1 120258             82     CALL LebtNoch
01A4 1E                 83     DEC R6
01A5 1201F6             84     CALL LadeAktuelleZeile
01A8 120258             85     CALL LebtNoch
01AB 1201AF             86     CALL RegelnBehandeln
01AE 22                 87     ret
                        88
                        89     RegelnBehandeln:
01AF EA                 90     MOV a,R2
01B0 F9                 91     MOV R1,a ; R1 == Anzahl lebender Nachbarn
01B1 7A00               92     MOV R2,#00h
01B3 0D                 93     INC R5
01B4 120258             94     CALL LebtNoch ; wenn R2 == 1 dann lebt aktuelle Zelle, sonst tot
01B7 BA00BB             95     CJNE R2,#00h, WirSindLebendig
01BA E9                 96     MOV a,R1 ; wenn wir hier ankommen ist die aktuelle Zelle tot
01BB 75F003             97     MOV b,#03h
01BE 84                 98     DIV ab
01BF B40133             99     CJNE a,#01h,keine7WiederBeleben ; macht das gleiche wie Abbruch
01C2 E5F0              100     MOV a,b
01C4 B4002E            101     CJNE a,#00h,keine7WiederBeleben ; wenn wir hier springen hat die Zelle mehr oder weniger
01C7 1201F6            102     CALL LadeAktuelleZeile
01CA BE0005            103     CJNE R6,#00h,keine0Wiederbeleben
01CD B2B0              104     CPL P3.0
01CF 120227            105     CALL SpeicherAktuelleZeile
                       106
                       107     keine0Wiederbeleben:
01D2 BE0102            108     CJNE R6,#01h, keine1Wiederbeleben
01D5 B2B1              109     CPL P3.1
                       110     keine1Wiederbeleben:
01D7 BE0202            111     CJNE R6,#02h, keine2Wiederbeleben
01DA B2B2              112     CPL P3.2
                       113     keine2Wiederbeleben:
01DC BE0302            114     CJNE R6,#03h, keine3Wiederbeleben
01DF B2B3              115     CPL P3.3
                       116     keine3Wiederbeleben:
01E1 BE0402            117     CJNE R6,#04h, keine4Wiederbeleben
01E4 B2B4              118     CPL P3.4
                       119     keine4Wiederbeleben:
01E6 BE0502            120     CJNE R6,#05h, keine5Wiederbeleben
01E9 B2B5              121     CPL P3.5
                       122     keine5Wiederbeleben:
01EB BE0602            123     CJNE R6,#06h, keine6Wiederbeleben
01EE B2B6              124     CPL P3.6
                       125     keine6Wiederbeleben:
01F0 BE0202            126     CJNE R6,#02h, keine7Wiederbeleben
01F3 B2B7              127     CPL P3.7
                       128     keine7Wiederbeleben:
01F5 22                129     ret
                       130
                       131     LadeAktuelleZeile:
01F6 BD0003            132     CJNE R5, #0h, Keine0AktuelleZeile
01F9 8520B0            133     MOV P3, 020H
                       134
                       135     Keine0AktuelleZeile:
01FC BD0103            136     CJNE R5, #1h, Keine1AktuelleZeile
01FF 8521B0            137     MOV P3, 021H
                       138     Keine1AktuelleZeile:
0202 BD0203            139     CJNE R5, #2h, Keine2AktuelleZeile
0205 8522B0            140     MOV P3, 022H
                       141     Keine2AktuelleZeile:
0208 BD0303            142     CJNE R5, #3h, Keine3AktuelleZeile
020B 8523B0            143     MOV P3, 023H
                       144     Keine3AktuelleZeile:
020E BD0403            145     CJNE R5, #4h, Keine4AktuelleZeile
0211 8524B0            146     MOV P3, 024H
                       147     Keine4AktuelleZeile:
0214 BD0503            148     CJNE R5, #5h, Keine5AktuelleZeile
0217 8525B0            149     MOV P3, 025H
                       150     Keine5AktuelleZeile:
021A BD0603            151     CJNE R5, #6h, Keine6AktuelleZeile
021D 8526B0            152     MOV P3, 026H
                       153     Keine6AktuelleZeile:
0220 BD0703            154     CJNE R5, #7h, Keine7AktuelleZeile
0223 8527B0            155     MOV P3, 027H
                       156     Keine7AktuelleZeile:
0226 22                157     RET
                       158
                       159     SpeicherAktuelleZeile:
0227 BD0003            160     CJNE R5, #0h, Keine0aktuellezeile2
022A 85B020            161     MOV 020H, P3
                       162
                       163     Keine0AktuelleZeile2:
022D BD0103            164     CJNE R5, #1h, Keine1AktuelleZeile2
0230 85B021            165     MOV 021H, P3
                       166     Keine1AktuelleZeile2:
0233 BD0203            167     CJNE R5, #2h, Keine2AktuelleZeile2
0236 85B022            168     MOV 022H, P3
                       169     Keine2AktuelleZeile2:
0239 BD0303            170     CJNE R5, #3h, Keine3AktuelleZeile2
023C 85B023            171     MOV 023H, P3
                       172     Keine3AktuelleZeile2:
023F BD0403            173     CJNE R5, #4h, Keine4AktuelleZeile2
0242 85B024            174     MOV 024H, P3
                       175     Keine4AktuelleZeile2:
0245 BD0503            176     CJNE R5, #5h, Keine5AktuelleZeile2
0248 85B025            177     MOV 025H, P3
                       178     Keine5AktuelleZeile2:
024B BD0603            179     CJNE R5, #6h, Keine6AktuelleZeile2
024E 85B026            180     MOV 026H, P3
                       181     Keine6AktuelleZeile2:
0251 BD0703            182     CJNE R5, #7h, Keine7AktuelleZeile2
0254 85B027            183     MOV 027H, P3
                       184     Keine7AktuelleZeile2:
0257 22                185     RET
                       186
                       187     LebtNoch:
0258 EE                188     MOV a,R6
0259 75F0FF            189     MOV b,#0ffh ; durch ff teilen weil R6=FF wenn negativ
025C 84                190     DIV ab
025D B40053            191     CJNE a, #00h, Abbruch
0260 ED                192     MOV a,R5
0261 75F0FF            193     MOV b,#0ffh ; durch ff teilen weil R5=FF wenn negativ
0264 84                194     DIV ab
0265 B4004B            195     CJNE a, #00h , Abbruch
                       196
0268 BE0006            197     CJNE R6,#00h, Keine0
026B A2B0              198     MOV c, P3.0
026D B3                199     CPL c
026E 5043              200     JNC Abbruch
0270 0A                201     INC R2
                       202
                       203     Keine0:
0271 BE0106            204     CJNE R6,#01h, Keine1
0274 A2B1              205     MOV c, P3.1
0276 B3                206     CPL c
0277 503A              207     JNC Abbruch
0279 0A                208     INC R2
                       209     Keine1:
027A BE0206            210     CJNE R6,#02h, Keine2
027D A2B2              211     MOV c,P3.2
027F B3                212     CPL c
0280 5031              213     JNC Abbruch
0282 0A                214     INC R2
                       215     Keine2:
0283 BE0306            216     CJNE R6,#03h, Keine3
0286 A2B3              217     MOV c,P3.3
0288 B3                218     CPL c
0289 5028              219     JNC Abbruch
028B 0A                220     INC R2
                       221     Keine3:
028C BE0406            222     CJNE R6,#04h, Keine4
028F A2B4              223     MOV c,P3.4
0291 B3                224     CPL c
0292 501F              225     JNC Abbruch
0294 0A                226     INC R2
                       227     Keine4:
0295 BE0506            228     CJNE R6,#05h, Keine5
0298 A2B5              229     MOV c,P3.5
029A B3                230     CPL c
029B 5016              231     JNC Abbruch
029D 0A                232     INC R2
                       233     Keine5:
029E BE0606            234     CJNE R6,#06h, Keine6
02A1 A2B6              235     MOV c,P3.6
02A3 B3                236     CPL c
02A4 500D              237     JNC Abbruch
02A6 0A                238     INC R2
                       239     Keine6:
02A7 BE0706            240     CJNE R6,#07h, Keine7
02AA A2B7              241     MOV c,P3.7
02AC B3                242     CPL c
02AD 5004              243     JNC Abbruch
02AF 0A                244     INC R2
                       245     Keine7:
02B0 0202B3            246     JMP Abbruch
                       247
                       248     Abbruch:
02B3 22                249     ret
                       250
                       251     Vergleich:
02B4 BC00FC            252     CJNE R4,#00h, Abbruch
02B7 BB00F9            253     CJNE R3,#00h, Abbruch
02BA 0A                254     INC R2
02BB 22                255     ret
                       256
****WARNING:Missing`END'directive
ASSEMBLY COMPLETE, NO ERRORS FOUND, 1 WARNING


ERROR SUMMARY:
Line 256, WARNING:Missing`END'directive

SYMBOL TABLE:
??MCU_8051_IDE . . . . . . . . . . .  N  NUMB  8051H  NOT USED
??VERSION. . . . . . . . . . . . . .  N  NUMB  0149H  NOT USED
ABBRUCH. . . . . . . . . . . . . . .  C  ADDR  02B3H
AC . . . . . . . . . . . . . . . . .  B  ADDR  00D6H  NOT USED
ACC. . . . . . . . . . . . . . . . .  D  ADDR  00E0H  NOT USED
ACSR . . . . . . . . . . . . . . . .  D  ADDR  0097H  NOT USED
ADCF . . . . . . . . . . . . . . . .  D  ADDR  00F6H  NOT USED
ADCLK. . . . . . . . . . . . . . . .  D  ADDR  00F2H  NOT USED
ADCON. . . . . . . . . . . . . . . .  D  ADDR  00F3H  NOT USED
ADDH . . . . . . . . . . . . . . . .  D  ADDR  00F5H  NOT USED
ADDL . . . . . . . . . . . . . . . .  D  ADDR  00F4H  NOT USED
ANZEIGEN . . . . . . . . . . . . . .  C  ADDR  012DH
AUXR . . . . . . . . . . . . . . . .  D  ADDR  008EH  NOT USED
AUXR1. . . . . . . . . . . . . . . .  D  ADDR  00A2H  NOT USED
B. . . . . . . . . . . . . . . . . .  D  ADDR  00F0H
BDRCON . . . . . . . . . . . . . . .  D  ADDR  009BH  NOT USED
BDRCON_1 . . . . . . . . . . . . . .  D  ADDR  009CH  NOT USED
BRL. . . . . . . . . . . . . . . . .  D  ADDR  009AH  NOT USED
CCAP0H . . . . . . . . . . . . . . .  D  ADDR  00FAH  NOT USED
CCAP0L . . . . . . . . . . . . . . .  D  ADDR  00EAH  NOT USED
CCAP1H . . . . . . . . . . . . . . .  D  ADDR  00FBH  NOT USED
CCAP1L . . . . . . . . . . . . . . .  D  ADDR  00EBH  NOT USED
CCAP2H . . . . . . . . . . . . . . .  D  ADDR  00FCH  NOT USED
CCAP3H . . . . . . . . . . . . . . .  D  ADDR  00FDH  NOT USED
CCAP4H . . . . . . . . . . . . . . .  D  ADDR  00FEH  NOT USED
CCAPL2H. . . . . . . . . . . . . . .  D  ADDR  00FCH  NOT USED
CCAPL2L. . . . . . . . . . . . . . .  D  ADDR  00ECH  NOT USED
CCAPL3H. . . . . . . . . . . . . . .  D  ADDR  00FDH  NOT USED
CCAPL3L. . . . . . . . . . . . . . .  D  ADDR  00EDH  NOT USED
CCAPL4H. . . . . . . . . . . . . . .  D  ADDR  00FEH  NOT USED
CCAPL4L. . . . . . . . . . . . . . .  D  ADDR  00EEH  NOT USED
CCAPM0 . . . . . . . . . . . . . . .  D  ADDR  00DAH  NOT USED
CCAPM1 . . . . . . . . . . . . . . .  D  ADDR  00DBH  NOT USED
CCAPM2 . . . . . . . . . . . . . . .  D  ADDR  00DCH  NOT USED
CCAPM3 . . . . . . . . . . . . . . .  D  ADDR  00DDH  NOT USED
CCAPM4 . . . . . . . . . . . . . . .  D  ADDR  00DEH  NOT USED
CCF0 . . . . . . . . . . . . . . . .  B  ADDR  00D8H  NOT USED
CCF1 . . . . . . . . . . . . . . . .  B  ADDR  00D9H  NOT USED
CCF2 . . . . . . . . . . . . . . . .  B  ADDR  00DAH  NOT USED
CCF3 . . . . . . . . . . . . . . . .  B  ADDR  00DBH  NOT USED
CCF4 . . . . . . . . . . . . . . . .  B  ADDR  00DCH  NOT USED
CCON . . . . . . . . . . . . . . . .  D  ADDR  00D8H  NOT USED
CFINT. . . . . . . . . . . . . . . .  C  ADDR  0033H  NOT USED
CH . . . . . . . . . . . . . . . . .  D  ADDR  00F9H  NOT USED
CKCON. . . . . . . . . . . . . . . .  D  ADDR  008FH  NOT USED
CKCON0 . . . . . . . . . . . . . . .  D  ADDR  008FH  NOT USED
CKRL . . . . . . . . . . . . . . . .  D  ADDR  0097H  NOT USED
CKSEL. . . . . . . . . . . . . . . .  D  ADDR  0085H  NOT USED
CL . . . . . . . . . . . . . . . . .  D  ADDR  00E9H  NOT USED
CLKREG . . . . . . . . . . . . . . .  D  ADDR  008FH  NOT USED
CMOD . . . . . . . . . . . . . . . .  D  ADDR  00D9H  NOT USED
CPRL2. . . . . . . . . . . . . . . .  B  ADDR  00C8H  NOT USED
CR . . . . . . . . . . . . . . . . .  B  ADDR  00DEH  NOT USED
CT2. . . . . . . . . . . . . . . . .  B  ADDR  00C9H  NOT USED
CY . . . . . . . . . . . . . . . . .  B  ADDR  00D7H  NOT USED
DP0H . . . . . . . . . . . . . . . .  D  ADDR  0083H  NOT USED
DP0L . . . . . . . . . . . . . . . .  D  ADDR  0082H  NOT USED
DP1H . . . . . . . . . . . . . . . .  D  ADDR  0085H  NOT USED
DP1L . . . . . . . . . . . . . . . .  D  ADDR  0084H  NOT USED
DPH. . . . . . . . . . . . . . . . .  D  ADDR  0083H  NOT USED
DPL. . . . . . . . . . . . . . . . .  D  ADDR  0082H  NOT USED
EA . . . . . . . . . . . . . . . . .  B  ADDR  00AFH  NOT USED
EC . . . . . . . . . . . . . . . . .  B  ADDR  00AEH  NOT USED
EECON. . . . . . . . . . . . . . . .  D  ADDR  0096H  NOT USED
ES . . . . . . . . . . . . . . . . .  B  ADDR  00ACH  NOT USED
ET0. . . . . . . . . . . . . . . . .  B  ADDR  00A9H  NOT USED
ET1. . . . . . . . . . . . . . . . .  B  ADDR  00ABH  NOT USED
ET2. . . . . . . . . . . . . . . . .  B  ADDR  00ADH  NOT USED
EX0. . . . . . . . . . . . . . . . .  B  ADDR  00A8H  NOT USED
EX1. . . . . . . . . . . . . . . . .  B  ADDR  00AAH  NOT USED
EXEN2. . . . . . . . . . . . . . . .  B  ADDR  00CBH  NOT USED
EXF2 . . . . . . . . . . . . . . . .  B  ADDR  00CEH  NOT USED
EXTI0. . . . . . . . . . . . . . . .  C  ADDR  0003H  NOT USED
EXTI1. . . . . . . . . . . . . . . .  C  ADDR  0013H  NOT USED
F0 . . . . . . . . . . . . . . . . .  B  ADDR  00D5H  NOT USED
FE . . . . . . . . . . . . . . . . .  B  ADDR  009FH  NOT USED
IE . . . . . . . . . . . . . . . . .  D  ADDR  00A8H  NOT USED
IE0. . . . . . . . . . . . . . . . .  B  ADDR  0089H  NOT USED
IE1. . . . . . . . . . . . . . . . .  B  ADDR  008BH  NOT USED
INIT . . . . . . . . . . . . . . . .  C  ADDR  0100H
INT0 . . . . . . . . . . . . . . . .  B  ADDR  00B2H  NOT USED
INT1 . . . . . . . . . . . . . . . .  B  ADDR  00B3H  NOT USED
IP . . . . . . . . . . . . . . . . .  D  ADDR  00B8H  NOT USED
IPH. . . . . . . . . . . . . . . . .  D  ADDR  00B7H  NOT USED
IPH0 . . . . . . . . . . . . . . . .  D  ADDR  00B7H  NOT USED
IPH1 . . . . . . . . . . . . . . . .  D  ADDR  00B3H  NOT USED
IPL0 . . . . . . . . . . . . . . . .  D  ADDR  00B8H  NOT USED
IPL1 . . . . . . . . . . . . . . . .  D  ADDR  00B2H  NOT USED
IT0. . . . . . . . . . . . . . . . .  B  ADDR  0088H  NOT USED
IT1. . . . . . . . . . . . . . . . .  B  ADDR  008AH  NOT USED
ITERZELLEN . . . . . . . . . . . . .  C  ADDR  0122H
KBE. . . . . . . . . . . . . . . . .  D  ADDR  009DH  NOT USED
KBF. . . . . . . . . . . . . . . . .  D  ADDR  009EH  NOT USED
KBLS . . . . . . . . . . . . . . . .  D  ADDR  009CH  NOT USED
KEINE0 . . . . . . . . . . . . . . .  C  ADDR  0271H
KEINE0AKTUELLEZEILE. . . . . . . . .  C  ADDR  01FCH
KEINE0AKTUELLEZEILE2 . . . . . . . .  C  ADDR  022DH
KEINE0WIEDERBELEBEN. . . . . . . . .  C  ADDR  01D2H
KEINE1 . . . . . . . . . . . . . . .  C  ADDR  027AH
KEINE1AKTUELLEZEILE. . . . . . . . .  C  ADDR  0202H
KEINE1AKTUELLEZEILE2 . . . . . . . .  C  ADDR  0233H
KEINE1WIEDERBELEBEN. . . . . . . . .  C  ADDR  01D7H
KEINE2 . . . . . . . . . . . . . . .  C  ADDR  0283H
KEINE2AKTUELLEZEILE. . . . . . . . .  C  ADDR  0208H
KEINE2AKTUELLEZEILE2 . . . . . . . .  C  ADDR  0239H
KEINE2WIEDERBELEBEN. . . . . . . . .  C  ADDR  01DCH
KEINE3 . . . . . . . . . . . . . . .  C  ADDR  028CH
KEINE3AKTUELLEZEILE. . . . . . . . .  C  ADDR  020EH
KEINE3AKTUELLEZEILE2 . . . . . . . .  C  ADDR  023FH
KEINE3WIEDERBELEBEN. . . . . . . . .  C  ADDR  01E1H
KEINE4 . . . . . . . . . . . . . . .  C  ADDR  0295H
KEINE4AKTUELLEZEILE. . . . . . . . .  C  ADDR  0214H
KEINE4AKTUELLEZEILE2 . . . . . . . .  C  ADDR  0245H
KEINE4WIEDERBELEBEN. . . . . . . . .  C  ADDR  01E6H
KEINE5 . . . . . . . . . . . . . . .  C  ADDR  029EH
KEINE5AKTUELLEZEILE. . . . . . . . .  C  ADDR  021AH
KEINE5AKTUELLEZEILE2 . . . . . . . .  C  ADDR  024BH
KEINE5WIEDERBELEBEN. . . . . . . . .  C  ADDR  01EBH
KEINE6 . . . . . . . . . . . . . . .  C  ADDR  02A7H
KEINE6AKTUELLEZEILE. . . . . . . . .  C  ADDR  0220H
KEINE6AKTUELLEZEILE2 . . . . . . . .  C  ADDR  0251H
KEINE6WIEDERBELEBEN. . . . . . . . .  C  ADDR  01F0H
KEINE7 . . . . . . . . . . . . . . .  C  ADDR  02B0H
KEINE7AKTUELLEZEILE. . . . . . . . .  C  ADDR  0226H
KEINE7AKTUELLEZEILE2 . . . . . . . .  C  ADDR  0257H
KEINE7WIEDERBELEBEN. . . . . . . . .  C  ADDR  01F5H
LADEAKTUELLEZEILE. . . . . . . . . .  C  ADDR  01F6H
LEBENDENACHBARN. . . . . . . . . . .  C  ADDR  0176H
LEBTNOCH . . . . . . . . . . . . . .  C  ADDR  0258H
OSCCON . . . . . . . . . . . . . . .  D  ADDR  0086H  NOT USED
OV . . . . . . . . . . . . . . . . .  B  ADDR  00D2H  NOT USED
P. . . . . . . . . . . . . . . . . .  B  ADDR  00D0H  NOT USED
P0 . . . . . . . . . . . . . . . . .  D  ADDR  0080H  NOT USED
P1 . . . . . . . . . . . . . . . . .  D  ADDR  0090H  NOT USED
P1M1 . . . . . . . . . . . . . . . .  D  ADDR  00D4H  NOT USED
P1M2 . . . . . . . . . . . . . . . .  D  ADDR  00E2H  NOT USED
P2 . . . . . . . . . . . . . . . . .  D  ADDR  00A0H
P3 . . . . . . . . . . . . . . . . .  D  ADDR  00B0H
P3M1 . . . . . . . . . . . . . . . .  D  ADDR  00D5H  NOT USED
P3M2 . . . . . . . . . . . . . . . .  D  ADDR  00E3H  NOT USED
P4 . . . . . . . . . . . . . . . . .  D  ADDR  00C0H  NOT USED
P4M1 . . . . . . . . . . . . . . . .  D  ADDR  00D6H  NOT USED
P4M2 . . . . . . . . . . . . . . . .  D  ADDR  00E4H  NOT USED
P5 . . . . . . . . . . . . . . . . .  D  ADDR  00E8H  NOT USED
PC . . . . . . . . . . . . . . . . .  B  ADDR  00BEH  NOT USED
PCON . . . . . . . . . . . . . . . .  D  ADDR  0087H  NOT USED
PPCL . . . . . . . . . . . . . . . .  B  ADDR  00BEH  NOT USED
PS . . . . . . . . . . . . . . . . .  B  ADDR  00BCH  NOT USED
PSL. . . . . . . . . . . . . . . . .  B  ADDR  00BCH  NOT USED
PSW. . . . . . . . . . . . . . . . .  D  ADDR  00D0H  NOT USED
PT0. . . . . . . . . . . . . . . . .  B  ADDR  00B9H  NOT USED
PT0L . . . . . . . . . . . . . . . .  B  ADDR  00B9H  NOT USED
PT1. . . . . . . . . . . . . . . . .  B  ADDR  00BBH  NOT USED
PT1L . . . . . . . . . . . . . . . .  B  ADDR  00BBH  NOT USED
PT2. . . . . . . . . . . . . . . . .  B  ADDR  00BDH  NOT USED
PT2L . . . . . . . . . . . . . . . .  B  ADDR  00BDH  NOT USED
PX0. . . . . . . . . . . . . . . . .  B  ADDR  00B8H  NOT USED
PX0L . . . . . . . . . . . . . . . .  B  ADDR  00B8H  NOT USED
PX1. . . . . . . . . . . . . . . . .  B  ADDR  00BAH  NOT USED
PX1L . . . . . . . . . . . . . . . .  B  ADDR  00BAH  NOT USED
RB8. . . . . . . . . . . . . . . . .  B  ADDR  009AH  NOT USED
RCAP2H . . . . . . . . . . . . . . .  D  ADDR  00CBH  NOT USED
RCAP2L . . . . . . . . . . . . . . .  D  ADDR  00CAH  NOT USED
RCLK . . . . . . . . . . . . . . . .  B  ADDR  00CDH  NOT USED
RD . . . . . . . . . . . . . . . . .  B  ADDR  00B7H  NOT USED
REGELNBEHANDELN. . . . . . . . . . .  C  ADDR  01AFH
REN. . . . . . . . . . . . . . . . .  B  ADDR  009CH  NOT USED
RESET. . . . . . . . . . . . . . . .  C  ADDR  0000H  NOT USED
RI . . . . . . . . . . . . . . . . .  B  ADDR  0098H  NOT USED
RS0. . . . . . . . . . . . . . . . .  B  ADDR  00D3H  NOT USED
RS1. . . . . . . . . . . . . . . . .  B  ADDR  00D4H  NOT USED
RXD. . . . . . . . . . . . . . . . .  B  ADDR  00B0H  NOT USED
SADDR. . . . . . . . . . . . . . . .  D  ADDR  00A9H  NOT USED
SADDR_0. . . . . . . . . . . . . . .  D  ADDR  00A9H  NOT USED
SADDR_1. . . . . . . . . . . . . . .  D  ADDR  00AAH  NOT USED
SADEN. . . . . . . . . . . . . . . .  D  ADDR  00B9H  NOT USED
SADEN_0. . . . . . . . . . . . . . .  D  ADDR  00B9H  NOT USED
SADEN_1. . . . . . . . . . . . . . .  D  ADDR  00BAH  NOT USED
SBUF . . . . . . . . . . . . . . . .  D  ADDR  0099H  NOT USED
SCON . . . . . . . . . . . . . . . .  D  ADDR  0098H  NOT USED
SINT . . . . . . . . . . . . . . . .  C  ADDR  0023H  NOT USED
SM0. . . . . . . . . . . . . . . . .  B  ADDR  009FH  NOT USED
SM1. . . . . . . . . . . . . . . . .  B  ADDR  009EH  NOT USED
SM2. . . . . . . . . . . . . . . . .  B  ADDR  009DH  NOT USED
SP . . . . . . . . . . . . . . . . .  D  ADDR  0081H  NOT USED
SPCON. . . . . . . . . . . . . . . .  D  ADDR  00C3H  NOT USED
SPCR . . . . . . . . . . . . . . . .  D  ADDR  00D5H  NOT USED
SPDAT. . . . . . . . . . . . . . . .  D  ADDR  00C5H  NOT USED
SPDR . . . . . . . . . . . . . . . .  D  ADDR  0086H  NOT USED
SPEICHERAKTUELLEZEILE. . . . . . . .  C  ADDR  0227H
SPSR . . . . . . . . . . . . . . . .  D  ADDR  00AAH  NOT USED
SPSTA. . . . . . . . . . . . . . . .  D  ADDR  00C4H  NOT USED
START. . . . . . . . . . . . . . . .  C  ADDR  011BH
T0 . . . . . . . . . . . . . . . . .  B  ADDR  00B4H  NOT USED
T1 . . . . . . . . . . . . . . . . .  B  ADDR  00B5H  NOT USED
T2CON. . . . . . . . . . . . . . . .  D  ADDR  00C8H  NOT USED
T2MOD. . . . . . . . . . . . . . . .  D  ADDR  00C9H  NOT USED
TB8. . . . . . . . . . . . . . . . .  B  ADDR  009BH  NOT USED
TCLK . . . . . . . . . . . . . . . .  B  ADDR  00CCH  NOT USED
TCON . . . . . . . . . . . . . . . .  D  ADDR  0088H  NOT USED
TF0. . . . . . . . . . . . . . . . .  B  ADDR  008DH  NOT USED
TF1. . . . . . . . . . . . . . . . .  B  ADDR  008FH  NOT USED
TF2. . . . . . . . . . . . . . . . .  B  ADDR  00CFH  NOT USED
TH0. . . . . . . . . . . . . . . . .  D  ADDR  008CH  NOT USED
TH1. . . . . . . . . . . . . . . . .  D  ADDR  008DH  NOT USED
TH2. . . . . . . . . . . . . . . . .  D  ADDR  00CDH  NOT USED
TI . . . . . . . . . . . . . . . . .  B  ADDR  0099H  NOT USED
TIMER0 . . . . . . . . . . . . . . .  C  ADDR  000BH  NOT USED
TIMER1 . . . . . . . . . . . . . . .  C  ADDR  001BH  NOT USED
TIMER2 . . . . . . . . . . . . . . .  C  ADDR  002BH  NOT USED
TL0. . . . . . . . . . . . . . . . .  D  ADDR  008AH  NOT USED
TL1. . . . . . . . . . . . . . . . .  D  ADDR  008BH  NOT USED
TL2. . . . . . . . . . . . . . . . .  D  ADDR  00CCH  NOT USED
TMOD . . . . . . . . . . . . . . . .  D  ADDR  0089H  NOT USED
TR0. . . . . . . . . . . . . . . . .  B  ADDR  008CH  NOT USED
TR1. . . . . . . . . . . . . . . . .  B  ADDR  008EH  NOT USED
TR2. . . . . . . . . . . . . . . . .  B  ADDR  00CAH  NOT USED
TXD. . . . . . . . . . . . . . . . .  B  ADDR  00B1H  NOT USED
VERGLEICH. . . . . . . . . . . . . .  C  ADDR  02B4H  NOT USED
WDTCON . . . . . . . . . . . . . . .  D  ADDR  00A7H  NOT USED
WDTPRG . . . . . . . . . . . . . . .  D  ADDR  00A7H  NOT USED
WDTRST . . . . . . . . . . . . . . .  D  ADDR  00A6H  NOT USED
WIRSINDLEBENDIG. . . . . . . . . . .  C  ADDR  0175H
WR . . . . . . . . . . . . . . . . .  B  ADDR  00B6H  NOT USED