Mastermind                                                                                                              PAGE 1
                         1     ;Ausgabe über Port 2 (Spalte) und Port 3 (Zeile)
                         2     CSEG AT 0H
0000 020100              3     LJMP Init
                         4     ORG 100H
                         5
                         6     Init:
0100 7520FF              7     MOV 020H, #0ffh
0103 7521F8              8     MOV 021H, #0f8h
0106 7522FF              9     MOV 022H, #0ffh
0109 7523FF             10     MOV 023H, #0ffh
010C 7524FF             11     MOV 024H, #0ffh
010F 7525FF             12     MOV 025H, #0ffh
0112 7526FF             13     MOV 026H, #0ffh
0115 7527FF             14     MOV 027H, #0ffh
0118 7528FF             15     MOV 028H, #0ffh
011B 7529FF             16     MOV 029H, #0ffh
011E 752AFF             17     MOV 02AH, #0ffh
0121 752BFF             18     MOV 02BH, #0ffh
0124 752CFF             19     MOV 02CH, #0ffh
0127 752DFF             20     MOV 02DH, #0ffh
012A 752EFF             21     MOV 02EH, #0ffh
012D 752FFF             22     MOV 02FH, #0ffh
                        23
0130 020133             24     JMP Start
                        25
                        26     Start:
0133 7F00               27     MOV R7,#00h
0135 12013A             28     CALL IterZellen
0138 80F9               29     JMP Start
                        30
                        31     IterZellen:
013A 120175             32     CALL Anzeigen
013D 1201BE             33     CALL LebendeNachbarn
0140 0F                 34     INC R7 ; zeilenweiser Zähler
0141 BF40F6             35     CJNE R7,#040h, IterZellen
0144 852820             36     MOV 020H,028H
0147 852921             37     MOV 021H,029H
014A 852A22             38     MOV 022H,02AH
014D 852B23             39     MOV 023H,02BH
0150 852C24             40     MOV 024H,02CH
0153 852D25             41     MOV 025H,02DH
0156 852E26             42     MOV 026H,02EH
0159 852F27             43     MOV 027H,02FH
015C 7528FF             44     MOV 028H, #0ffh ; re-init der neuen Generation
015F 7529FF             45     MOV 029H, #0ffh
0162 752AFF             46     MOV 02AH, #0ffh
0165 752BFF             47     MOV 02BH, #0ffh
0168 752CFF             48     MOV 02CH, #0ffh
016B 752DFF             49     MOV 02DH, #0ffh
016E 752EFF             50     MOV 02EH, #0ffh
0171 752FFF             51     MOV 02FH, #0ffh
0174 22                 52     ret
                        53
                        54     Anzeigen:
0175 75B0FE             55     MOV P3, #0feh
0178 8520A0             56     MOV P2, 020H
017B 75A0FF             57     MOV P2, #0ffh
017E 75B0FD             58     MOV P3, #0fdh
0181 8521A0             59     MOV P2, 021H
0184 75A0FF             60     MOV P2, #0ffh
0187 75B0FB             61     MOV P3, #0fbh
018A 8522A0             62     MOV P2, 022H
018D 75A0FF             63     MOV P2, #0ffh
0190 75B0F7             64     MOV P3, #0f7h
0193 8523A0             65     MOV P2, 023H
0196 75A0FF             66     MOV P2, #0ffh
0199 75B0EF             67     MOV P3, #0efh
019C 8524A0             68     MOV P2, 024H
019F 75A0FF             69     MOV P2, #0ffh
01A2 75B0DF             70     MOV P3, #0dfh
01A5 8525A0             71     MOV P2, 025H
01A8 75A0FF             72     MOV P2, #0ffh
01AB 75B0BF             73     MOV P3, #0bfh
01AE 8526A0             74     MOV P2, 026H
01B1 75A0FF             75     MOV P2, #0ffh
01B4 75B07F             76     MOV P3, #07fh
01B7 8527A0             77     MOV P2, 027H
01BA 75A0FF             78     MOV P2, #0ffh
                        79
                        80     WirSindLebendig:
01BD 22                 81     ret
                        82
                        83     LebendeNachbarn:
01BE 7A00               84     MOV R2,#00h ; init für count auf 0
01C0 EF                 85     MOV a,R7
01C1 75F008             86     MOV b,#08h
01C4 84                 87     DIV ab
01C5 FE                 88     MOV R6,a ; Ergebnis der Division in R6 (y koord)
01C6 ADF0               89     MOV R5,b ; Rest der Division in R5 (x koord)
01C8 1E                 90     DEC R6
01C9 120255             91     CALL LadeAktuelleZeile
01CC 1D                 92     DEC R5 ; oben links
01CD 1202B7             93     CALL LebtNoch
01D0 0D                 94     INC R5 ; oben mitte
01D1 1202B7             95     CALL LebtNoch
01D4 0D                 96     INC R5 ;oben rechts
01D5 1202B7             97     CALL LebtNoch
01D8 0E                 98     INC R6 ; rechts daneben
01D9 120255             99     CALL LadeAktuelleZeile
01DC 1202B7            100     CALL LebtNoch
01DF 0E                101     INC R6 ;unten rechts
01E0 120255            102     CALL LadeAktuelleZeile
01E3 1202B7            103     CALL LebtNoch
01E6 1D                104     DEC R5 ; unten mitte
01E7 1202B7            105     CALL LebtNoch
01EA 1D                106     DEC R5 ; unten links
01EB 1202B7            107     CALL LebtNoch
01EE 1E                108     DEC R6 ; links daneben
01EF 120255            109     CALL LadeAktuelleZeile
01F2 1202B7            110     CALL LebtNoch
01F5 1201F9            111     CALL RegelnBehandeln
01F8 22                112     ret
                       113
                       114     RegelnBehandeln:
01F9 EA                115     MOV a,R2
01FA F9                116     MOV R1,a ; R1 == Anzahl lebender Nachbarn
01FB 7A00              117     MOV R2,#00h
01FD 0D                118     INC R5
01FE 1202B7            119     CALL LebtNoch ; wenn R2 == 1 dann lebt aktuelle Zelle, sonst tot
0201 BA00B9            120     CJNE R2,#00h, WirSindLebendig
0204 E9                121     MOV a,R1 ; wenn wir hier ankommen ist die aktuelle Zelle tot
0205 75F003            122     MOV b,#03h
0208 84                123     DIV ab
0209 B40148            124     CJNE a,#01h,keine7WiederBeleben ; macht das gleiche wie Abbruch
020C E5F0              125     MOV a,b
020E B40043            126     CJNE a,#00h,keine7WiederBeleben ; wenn wir hier springen hat die Zelle mehr oder weniger
0211 120255            127     CALL LadeAktuelleZeile
0214 BD0005            128     CJNE R5,#00h,keine0Wiederbeleben
0217 B2B7              129     CPL P3.7
0219 120286            130     CALL SpeicherAktuelleZeile
                       131
                       132     keine0Wiederbeleben:
021C BD0105            133     CJNE R5,#01h, keine1Wiederbeleben
021F B2B6              134     CPL P3.6
0221 120286            135     CALL SpeicherAktuelleZeile
                       136     keine1Wiederbeleben:
0224 BD0205            137     CJNE R5,#02h, keine2Wiederbeleben
0227 B2B5              138     CPL P3.5
0229 120286            139     CALL SpeicherAktuelleZeile
                       140     keine2Wiederbeleben:
022C BD0305            141     CJNE R5,#03h, keine3Wiederbeleben
022F B2B4              142     CPL P3.4
0231 120286            143     CALL SpeicherAktuelleZeile
                       144     keine3Wiederbeleben:
0234 BD0405            145     CJNE R5,#04h, keine4Wiederbeleben
0237 B2B3              146     CPL P3.3
0239 120286            147     CALL SpeicherAktuelleZeile
                       148     keine4Wiederbeleben:
023C BD0505            149     CJNE R5,#05h, keine5Wiederbeleben
023F B2B2              150     CPL P3.2
0241 120286            151     CALL SpeicherAktuelleZeile
                       152     keine5Wiederbeleben:
0244 BD0605            153     CJNE R5,#06h, keine6Wiederbeleben
0247 B2B1              154     CPL P3.1
0249 120286            155     CALL SpeicherAktuelleZeile
                       156     keine6Wiederbeleben:
024C BD0205            157     CJNE R5,#02h, keine7Wiederbeleben
024F B2B0              158     CPL P3.0
0251 120286            159     CALL SpeicherAktuelleZeile
                       160     keine7Wiederbeleben:
0254 22                161     ret
                       162
                       163     LadeAktuelleZeile:
0255 BE0003            164     CJNE R6, #0h, Keine0AktuelleZeile
0258 8520B0            165     MOV P3, 020H
                       166
                       167     Keine0AktuelleZeile:
025B BE0103            168     CJNE R6, #1h, Keine1AktuelleZeile
025E 8521B0            169     MOV P3, 021H
                       170     Keine1AktuelleZeile:
0261 BE0203            171     CJNE R6, #2h, Keine2AktuelleZeile
0264 8522B0            172     MOV P3, 022H
                       173     Keine2AktuelleZeile:
0267 BE0303            174     CJNE R6, #3h, Keine3AktuelleZeile
026A 8523B0            175     MOV P3, 023H
                       176     Keine3AktuelleZeile:
026D BE0403            177     CJNE R6, #4h, Keine4AktuelleZeile
0270 8524B0            178     MOV P3, 024H
                       179     Keine4AktuelleZeile:
0273 BE0503            180     CJNE R6, #5h, Keine5AktuelleZeile
0276 8525B0            181     MOV P3, 025H
                       182     Keine5AktuelleZeile:
0279 BE0603            183     CJNE R6, #6h, Keine6AktuelleZeile
027C 8526B0            184     MOV P3, 026H
                       185     Keine6AktuelleZeile:
027F BE0703            186     CJNE R6, #7h, Keine7AktuelleZeile
0282 8527B0            187     MOV P3, 027H
                       188     Keine7AktuelleZeile:
0285 22                189     RET
                       190
                       191     SpeicherAktuelleZeile:
0286 BE0003            192     CJNE R6, #0h, Keine0aktuellezeile2
0289 85B028            193     MOV 028H, P3
                       194
                       195     Keine0AktuelleZeile2:
028C BE0103            196     CJNE R6, #1h, Keine1AktuelleZeile2
028F 85B029            197     MOV 029H, P3
                       198     Keine1AktuelleZeile2:
0292 BE0203            199     CJNE R6, #2h, Keine2AktuelleZeile2
0295 85B02A            200     MOV 02AH, P3
                       201     Keine2AktuelleZeile2:
0298 BE0303            202     CJNE R6, #3h, Keine3AktuelleZeile2
029B 85B02B            203     MOV 02BH, P3
                       204     Keine3AktuelleZeile2:
029E BE0403            205     CJNE R6, #4h, Keine4AktuelleZeile2
02A1 85B02C            206     MOV 02CH, P3
                       207     Keine4AktuelleZeile2:
02A4 BE0503            208     CJNE R6, #5h, Keine5AktuelleZeile2
02A7 85B02D            209     MOV 02DH, P3
                       210     Keine5AktuelleZeile2:
02AA BE0603            211     CJNE R6, #6h, Keine6AktuelleZeile2
02AD 85B02E            212     MOV 02EH, P3
                       213     Keine6AktuelleZeile2:
02B0 BE0703            214     CJNE R6, #7h, Keine7AktuelleZeile2
02B3 85B02F            215     MOV 02FH, P3
                       216     Keine7AktuelleZeile2:
02B6 22                217     RET
                       218
                       219     LebtNoch:
02B7 EE                220     MOV a,R6
02B8 75F0FF            221     MOV b,#0ffh ; durch ff teilen weil R6=FF wenn negativ
02BB 84                222     DIV ab
02BC B40053            223     CJNE a, #00h, Abbruch
02BF ED                224     MOV a,R5
02C0 75F0FF            225     MOV b,#0ffh ; durch ff teilen weil R5=FF wenn negativ
02C3 84                226     DIV ab
02C4 B4004B            227     CJNE a, #00h , Abbruch
                       228
02C7 BE0006            229     CJNE R6,#00h, Keine0
02CA A2B0              230     MOV c, P3.0
02CC B3                231     CPL c
02CD 5043              232     JNC Abbruch
02CF 0A                233     INC R2
                       234
                       235     Keine0:
02D0 BE0106            236     CJNE R6,#01h, Keine1
02D3 A2B1              237     MOV c, P3.1
02D5 B3                238     CPL c
02D6 503A              239     JNC Abbruch
02D8 0A                240     INC R2
                       241     Keine1:
02D9 BE0206            242     CJNE R6,#02h, Keine2
02DC A2B2              243     MOV c,P3.2
02DE B3                244     CPL c
02DF 5031              245     JNC Abbruch
02E1 0A                246     INC R2
                       247     Keine2:
02E2 BE0306            248     CJNE R6,#03h, Keine3
02E5 A2B3              249     MOV c,P3.3
02E7 B3                250     CPL c
02E8 5028              251     JNC Abbruch
02EA 0A                252     INC R2
                       253     Keine3:
02EB BE0406            254     CJNE R6,#04h, Keine4
02EE A2B4              255     MOV c,P3.4
02F0 B3                256     CPL c
02F1 501F              257     JNC Abbruch
02F3 0A                258     INC R2
                       259     Keine4:
02F4 BE0506            260     CJNE R6,#05h, Keine5
02F7 A2B5              261     MOV c,P3.5
02F9 B3                262     CPL c
02FA 5016              263     JNC Abbruch
02FC 0A                264     INC R2
                       265     Keine5:
02FD BE0606            266     CJNE R6,#06h, Keine6
0300 A2B6              267     MOV c,P3.6
0302 B3                268     CPL c
0303 500D              269     JNC Abbruch
0305 0A                270     INC R2
                       271     Keine6:
0306 BE0706            272     CJNE R6,#07h, Keine7
0309 A2B7              273     MOV c,P3.7
030B B3                274     CPL c
030C 5004              275     JNC Abbruch
030E 0A                276     INC R2
                       277     Keine7:
030F 020312            278     JMP Abbruch
                       279
                       280     Abbruch:
0312 22                281     ret
                       282
                       283     Vergleich:
0313 BC00FC            284     CJNE R4,#00h, Abbruch
0316 BB00F9            285     CJNE R3,#00h, Abbruch
0319 0A                286     INC R2
031A 22                287     ret
                       288
****WARNING:Missing`END'directive
ASSEMBLY COMPLETE, NO ERRORS FOUND, 1 WARNING


ERROR SUMMARY:
Line 288, WARNING:Missing`END'directive

SYMBOL TABLE:
??MCU_8051_IDE . . . . . . . . . . .  N  NUMB  8051H  NOT USED
??VERSION. . . . . . . . . . . . . .  N  NUMB  0149H  NOT USED
ABBRUCH. . . . . . . . . . . . . . .  C  ADDR  0312H
AC . . . . . . . . . . . . . . . . .  B  ADDR  00D6H  NOT USED
ACC. . . . . . . . . . . . . . . . .  D  ADDR  00E0H  NOT USED
ACSR . . . . . . . . . . . . . . . .  D  ADDR  0097H  NOT USED
ADCF . . . . . . . . . . . . . . . .  D  ADDR  00F6H  NOT USED
ADCLK. . . . . . . . . . . . . . . .  D  ADDR  00F2H  NOT USED
ADCON. . . . . . . . . . . . . . . .  D  ADDR  00F3H  NOT USED
ADDH . . . . . . . . . . . . . . . .  D  ADDR  00F5H  NOT USED
ADDL . . . . . . . . . . . . . . . .  D  ADDR  00F4H  NOT USED
ANZEIGEN . . . . . . . . . . . . . .  C  ADDR  0175H
AUXR . . . . . . . . . . . . . . . .  D  ADDR  008EH  NOT USED
AUXR1. . . . . . . . . . . . . . . .  D  ADDR  00A2H  NOT USED
B. . . . . . . . . . . . . . . . . .  D  ADDR  00F0H
BDRCON . . . . . . . . . . . . . . .  D  ADDR  009BH  NOT USED
BDRCON_1 . . . . . . . . . . . . . .  D  ADDR  009CH  NOT USED
BRL. . . . . . . . . . . . . . . . .  D  ADDR  009AH  NOT USED
CCAP0H . . . . . . . . . . . . . . .  D  ADDR  00FAH  NOT USED
CCAP0L . . . . . . . . . . . . . . .  D  ADDR  00EAH  NOT USED
CCAP1H . . . . . . . . . . . . . . .  D  ADDR  00FBH  NOT USED
CCAP1L . . . . . . . . . . . . . . .  D  ADDR  00EBH  NOT USED
CCAP2H . . . . . . . . . . . . . . .  D  ADDR  00FCH  NOT USED
CCAP3H . . . . . . . . . . . . . . .  D  ADDR  00FDH  NOT USED
CCAP4H . . . . . . . . . . . . . . .  D  ADDR  00FEH  NOT USED
CCAPL2H. . . . . . . . . . . . . . .  D  ADDR  00FCH  NOT USED
CCAPL2L. . . . . . . . . . . . . . .  D  ADDR  00ECH  NOT USED
CCAPL3H. . . . . . . . . . . . . . .  D  ADDR  00FDH  NOT USED
CCAPL3L. . . . . . . . . . . . . . .  D  ADDR  00EDH  NOT USED
CCAPL4H. . . . . . . . . . . . . . .  D  ADDR  00FEH  NOT USED
CCAPL4L. . . . . . . . . . . . . . .  D  ADDR  00EEH  NOT USED
CCAPM0 . . . . . . . . . . . . . . .  D  ADDR  00DAH  NOT USED
CCAPM1 . . . . . . . . . . . . . . .  D  ADDR  00DBH  NOT USED
CCAPM2 . . . . . . . . . . . . . . .  D  ADDR  00DCH  NOT USED
CCAPM3 . . . . . . . . . . . . . . .  D  ADDR  00DDH  NOT USED
CCAPM4 . . . . . . . . . . . . . . .  D  ADDR  00DEH  NOT USED
CCF0 . . . . . . . . . . . . . . . .  B  ADDR  00D8H  NOT USED
CCF1 . . . . . . . . . . . . . . . .  B  ADDR  00D9H  NOT USED
CCF2 . . . . . . . . . . . . . . . .  B  ADDR  00DAH  NOT USED
CCF3 . . . . . . . . . . . . . . . .  B  ADDR  00DBH  NOT USED
CCF4 . . . . . . . . . . . . . . . .  B  ADDR  00DCH  NOT USED
CCON . . . . . . . . . . . . . . . .  D  ADDR  00D8H  NOT USED
CFINT. . . . . . . . . . . . . . . .  C  ADDR  0033H  NOT USED
CH . . . . . . . . . . . . . . . . .  D  ADDR  00F9H  NOT USED
CKCON. . . . . . . . . . . . . . . .  D  ADDR  008FH  NOT USED
CKCON0 . . . . . . . . . . . . . . .  D  ADDR  008FH  NOT USED
CKRL . . . . . . . . . . . . . . . .  D  ADDR  0097H  NOT USED
CKSEL. . . . . . . . . . . . . . . .  D  ADDR  0085H  NOT USED
CL . . . . . . . . . . . . . . . . .  D  ADDR  00E9H  NOT USED
CLKREG . . . . . . . . . . . . . . .  D  ADDR  008FH  NOT USED
CMOD . . . . . . . . . . . . . . . .  D  ADDR  00D9H  NOT USED
CPRL2. . . . . . . . . . . . . . . .  B  ADDR  00C8H  NOT USED
CR . . . . . . . . . . . . . . . . .  B  ADDR  00DEH  NOT USED
CT2. . . . . . . . . . . . . . . . .  B  ADDR  00C9H  NOT USED
CY . . . . . . . . . . . . . . . . .  B  ADDR  00D7H  NOT USED
DP0H . . . . . . . . . . . . . . . .  D  ADDR  0083H  NOT USED
DP0L . . . . . . . . . . . . . . . .  D  ADDR  0082H  NOT USED
DP1H . . . . . . . . . . . . . . . .  D  ADDR  0085H  NOT USED
DP1L . . . . . . . . . . . . . . . .  D  ADDR  0084H  NOT USED
DPH. . . . . . . . . . . . . . . . .  D  ADDR  0083H  NOT USED
DPL. . . . . . . . . . . . . . . . .  D  ADDR  0082H  NOT USED
EA . . . . . . . . . . . . . . . . .  B  ADDR  00AFH  NOT USED
EC . . . . . . . . . . . . . . . . .  B  ADDR  00AEH  NOT USED
EECON. . . . . . . . . . . . . . . .  D  ADDR  0096H  NOT USED
ES . . . . . . . . . . . . . . . . .  B  ADDR  00ACH  NOT USED
ET0. . . . . . . . . . . . . . . . .  B  ADDR  00A9H  NOT USED
ET1. . . . . . . . . . . . . . . . .  B  ADDR  00ABH  NOT USED
ET2. . . . . . . . . . . . . . . . .  B  ADDR  00ADH  NOT USED
EX0. . . . . . . . . . . . . . . . .  B  ADDR  00A8H  NOT USED
EX1. . . . . . . . . . . . . . . . .  B  ADDR  00AAH  NOT USED
EXEN2. . . . . . . . . . . . . . . .  B  ADDR  00CBH  NOT USED
EXF2 . . . . . . . . . . . . . . . .  B  ADDR  00CEH  NOT USED
EXTI0. . . . . . . . . . . . . . . .  C  ADDR  0003H  NOT USED
EXTI1. . . . . . . . . . . . . . . .  C  ADDR  0013H  NOT USED
F0 . . . . . . . . . . . . . . . . .  B  ADDR  00D5H  NOT USED
FE . . . . . . . . . . . . . . . . .  B  ADDR  009FH  NOT USED
IE . . . . . . . . . . . . . . . . .  D  ADDR  00A8H  NOT USED
IE0. . . . . . . . . . . . . . . . .  B  ADDR  0089H  NOT USED
IE1. . . . . . . . . . . . . . . . .  B  ADDR  008BH  NOT USED
INIT . . . . . . . . . . . . . . . .  C  ADDR  0100H
INT0 . . . . . . . . . . . . . . . .  B  ADDR  00B2H  NOT USED
INT1 . . . . . . . . . . . . . . . .  B  ADDR  00B3H  NOT USED
IP . . . . . . . . . . . . . . . . .  D  ADDR  00B8H  NOT USED
IPH. . . . . . . . . . . . . . . . .  D  ADDR  00B7H  NOT USED
IPH0 . . . . . . . . . . . . . . . .  D  ADDR  00B7H  NOT USED
IPH1 . . . . . . . . . . . . . . . .  D  ADDR  00B3H  NOT USED
IPL0 . . . . . . . . . . . . . . . .  D  ADDR  00B8H  NOT USED
IPL1 . . . . . . . . . . . . . . . .  D  ADDR  00B2H  NOT USED
IT0. . . . . . . . . . . . . . . . .  B  ADDR  0088H  NOT USED
IT1. . . . . . . . . . . . . . . . .  B  ADDR  008AH  NOT USED
ITERZELLEN . . . . . . . . . . . . .  C  ADDR  013AH
KBE. . . . . . . . . . . . . . . . .  D  ADDR  009DH  NOT USED
KBF. . . . . . . . . . . . . . . . .  D  ADDR  009EH  NOT USED
KBLS . . . . . . . . . . . . . . . .  D  ADDR  009CH  NOT USED
KEINE0 . . . . . . . . . . . . . . .  C  ADDR  02D0H
KEINE0AKTUELLEZEILE. . . . . . . . .  C  ADDR  025BH
KEINE0AKTUELLEZEILE2 . . . . . . . .  C  ADDR  028CH
KEINE0WIEDERBELEBEN. . . . . . . . .  C  ADDR  021CH
KEINE1 . . . . . . . . . . . . . . .  C  ADDR  02D9H
KEINE1AKTUELLEZEILE. . . . . . . . .  C  ADDR  0261H
KEINE1AKTUELLEZEILE2 . . . . . . . .  C  ADDR  0292H
KEINE1WIEDERBELEBEN. . . . . . . . .  C  ADDR  0224H
KEINE2 . . . . . . . . . . . . . . .  C  ADDR  02E2H
KEINE2AKTUELLEZEILE. . . . . . . . .  C  ADDR  0267H
KEINE2AKTUELLEZEILE2 . . . . . . . .  C  ADDR  0298H
KEINE2WIEDERBELEBEN. . . . . . . . .  C  ADDR  022CH
KEINE3 . . . . . . . . . . . . . . .  C  ADDR  02EBH
KEINE3AKTUELLEZEILE. . . . . . . . .  C  ADDR  026DH
KEINE3AKTUELLEZEILE2 . . . . . . . .  C  ADDR  029EH
KEINE3WIEDERBELEBEN. . . . . . . . .  C  ADDR  0234H
KEINE4 . . . . . . . . . . . . . . .  C  ADDR  02F4H
KEINE4AKTUELLEZEILE. . . . . . . . .  C  ADDR  0273H
KEINE4AKTUELLEZEILE2 . . . . . . . .  C  ADDR  02A4H
KEINE4WIEDERBELEBEN. . . . . . . . .  C  ADDR  023CH
KEINE5 . . . . . . . . . . . . . . .  C  ADDR  02FDH
KEINE5AKTUELLEZEILE. . . . . . . . .  C  ADDR  0279H
KEINE5AKTUELLEZEILE2 . . . . . . . .  C  ADDR  02AAH
KEINE5WIEDERBELEBEN. . . . . . . . .  C  ADDR  0244H
KEINE6 . . . . . . . . . . . . . . .  C  ADDR  0306H
KEINE6AKTUELLEZEILE. . . . . . . . .  C  ADDR  027FH
KEINE6AKTUELLEZEILE2 . . . . . . . .  C  ADDR  02B0H
KEINE6WIEDERBELEBEN. . . . . . . . .  C  ADDR  024CH
KEINE7 . . . . . . . . . . . . . . .  C  ADDR  030FH
KEINE7AKTUELLEZEILE. . . . . . . . .  C  ADDR  0285H
KEINE7AKTUELLEZEILE2 . . . . . . . .  C  ADDR  02B6H
KEINE7WIEDERBELEBEN. . . . . . . . .  C  ADDR  0254H
LADEAKTUELLEZEILE. . . . . . . . . .  C  ADDR  0255H
LEBENDENACHBARN. . . . . . . . . . .  C  ADDR  01BEH
LEBTNOCH . . . . . . . . . . . . . .  C  ADDR  02B7H
OSCCON . . . . . . . . . . . . . . .  D  ADDR  0086H  NOT USED
OV . . . . . . . . . . . . . . . . .  B  ADDR  00D2H  NOT USED
P. . . . . . . . . . . . . . . . . .  B  ADDR  00D0H  NOT USED
P0 . . . . . . . . . . . . . . . . .  D  ADDR  0080H  NOT USED
P1 . . . . . . . . . . . . . . . . .  D  ADDR  0090H  NOT USED
P1M1 . . . . . . . . . . . . . . . .  D  ADDR  00D4H  NOT USED
P1M2 . . . . . . . . . . . . . . . .  D  ADDR  00E2H  NOT USED
P2 . . . . . . . . . . . . . . . . .  D  ADDR  00A0H
P3 . . . . . . . . . . . . . . . . .  D  ADDR  00B0H
P3M1 . . . . . . . . . . . . . . . .  D  ADDR  00D5H  NOT USED
P3M2 . . . . . . . . . . . . . . . .  D  ADDR  00E3H  NOT USED
P4 . . . . . . . . . . . . . . . . .  D  ADDR  00C0H  NOT USED
P4M1 . . . . . . . . . . . . . . . .  D  ADDR  00D6H  NOT USED
P4M2 . . . . . . . . . . . . . . . .  D  ADDR  00E4H  NOT USED
P5 . . . . . . . . . . . . . . . . .  D  ADDR  00E8H  NOT USED
PC . . . . . . . . . . . . . . . . .  B  ADDR  00BEH  NOT USED
PCON . . . . . . . . . . . . . . . .  D  ADDR  0087H  NOT USED
PPCL . . . . . . . . . . . . . . . .  B  ADDR  00BEH  NOT USED
PS . . . . . . . . . . . . . . . . .  B  ADDR  00BCH  NOT USED
PSL. . . . . . . . . . . . . . . . .  B  ADDR  00BCH  NOT USED
PSW. . . . . . . . . . . . . . . . .  D  ADDR  00D0H  NOT USED
PT0. . . . . . . . . . . . . . . . .  B  ADDR  00B9H  NOT USED
PT0L . . . . . . . . . . . . . . . .  B  ADDR  00B9H  NOT USED
PT1. . . . . . . . . . . . . . . . .  B  ADDR  00BBH  NOT USED
PT1L . . . . . . . . . . . . . . . .  B  ADDR  00BBH  NOT USED
PT2. . . . . . . . . . . . . . . . .  B  ADDR  00BDH  NOT USED
PT2L . . . . . . . . . . . . . . . .  B  ADDR  00BDH  NOT USED
PX0. . . . . . . . . . . . . . . . .  B  ADDR  00B8H  NOT USED
PX0L . . . . . . . . . . . . . . . .  B  ADDR  00B8H  NOT USED
PX1. . . . . . . . . . . . . . . . .  B  ADDR  00BAH  NOT USED
PX1L . . . . . . . . . . . . . . . .  B  ADDR  00BAH  NOT USED
RB8. . . . . . . . . . . . . . . . .  B  ADDR  009AH  NOT USED
RCAP2H . . . . . . . . . . . . . . .  D  ADDR  00CBH  NOT USED
RCAP2L . . . . . . . . . . . . . . .  D  ADDR  00CAH  NOT USED
RCLK . . . . . . . . . . . . . . . .  B  ADDR  00CDH  NOT USED
RD . . . . . . . . . . . . . . . . .  B  ADDR  00B7H  NOT USED
REGELNBEHANDELN. . . . . . . . . . .  C  ADDR  01F9H
REN. . . . . . . . . . . . . . . . .  B  ADDR  009CH  NOT USED
RESET. . . . . . . . . . . . . . . .  C  ADDR  0000H  NOT USED
RI . . . . . . . . . . . . . . . . .  B  ADDR  0098H  NOT USED
RS0. . . . . . . . . . . . . . . . .  B  ADDR  00D3H  NOT USED
RS1. . . . . . . . . . . . . . . . .  B  ADDR  00D4H  NOT USED
RXD. . . . . . . . . . . . . . . . .  B  ADDR  00B0H  NOT USED
SADDR. . . . . . . . . . . . . . . .  D  ADDR  00A9H  NOT USED
SADDR_0. . . . . . . . . . . . . . .  D  ADDR  00A9H  NOT USED
SADDR_1. . . . . . . . . . . . . . .  D  ADDR  00AAH  NOT USED
SADEN. . . . . . . . . . . . . . . .  D  ADDR  00B9H  NOT USED
SADEN_0. . . . . . . . . . . . . . .  D  ADDR  00B9H  NOT USED
SADEN_1. . . . . . . . . . . . . . .  D  ADDR  00BAH  NOT USED
SBUF . . . . . . . . . . . . . . . .  D  ADDR  0099H  NOT USED
SCON . . . . . . . . . . . . . . . .  D  ADDR  0098H  NOT USED
SINT . . . . . . . . . . . . . . . .  C  ADDR  0023H  NOT USED
SM0. . . . . . . . . . . . . . . . .  B  ADDR  009FH  NOT USED
SM1. . . . . . . . . . . . . . . . .  B  ADDR  009EH  NOT USED
SM2. . . . . . . . . . . . . . . . .  B  ADDR  009DH  NOT USED
SP . . . . . . . . . . . . . . . . .  D  ADDR  0081H  NOT USED
SPCON. . . . . . . . . . . . . . . .  D  ADDR  00C3H  NOT USED
SPCR . . . . . . . . . . . . . . . .  D  ADDR  00D5H  NOT USED
SPDAT. . . . . . . . . . . . . . . .  D  ADDR  00C5H  NOT USED
SPDR . . . . . . . . . . . . . . . .  D  ADDR  0086H  NOT USED
SPEICHERAKTUELLEZEILE. . . . . . . .  C  ADDR  0286H
SPSR . . . . . . . . . . . . . . . .  D  ADDR  00AAH  NOT USED
SPSTA. . . . . . . . . . . . . . . .  D  ADDR  00C4H  NOT USED
START. . . . . . . . . . . . . . . .  C  ADDR  0133H
T0 . . . . . . . . . . . . . . . . .  B  ADDR  00B4H  NOT USED
T1 . . . . . . . . . . . . . . . . .  B  ADDR  00B5H  NOT USED
T2CON. . . . . . . . . . . . . . . .  D  ADDR  00C8H  NOT USED
T2MOD. . . . . . . . . . . . . . . .  D  ADDR  00C9H  NOT USED
TB8. . . . . . . . . . . . . . . . .  B  ADDR  009BH  NOT USED
TCLK . . . . . . . . . . . . . . . .  B  ADDR  00CCH  NOT USED
TCON . . . . . . . . . . . . . . . .  D  ADDR  0088H  NOT USED
TF0. . . . . . . . . . . . . . . . .  B  ADDR  008DH  NOT USED
TF1. . . . . . . . . . . . . . . . .  B  ADDR  008FH  NOT USED
TF2. . . . . . . . . . . . . . . . .  B  ADDR  00CFH  NOT USED
TH0. . . . . . . . . . . . . . . . .  D  ADDR  008CH  NOT USED
TH1. . . . . . . . . . . . . . . . .  D  ADDR  008DH  NOT USED
TH2. . . . . . . . . . . . . . . . .  D  ADDR  00CDH  NOT USED
TI . . . . . . . . . . . . . . . . .  B  ADDR  0099H  NOT USED
TIMER0 . . . . . . . . . . . . . . .  C  ADDR  000BH  NOT USED
TIMER1 . . . . . . . . . . . . . . .  C  ADDR  001BH  NOT USED
TIMER2 . . . . . . . . . . . . . . .  C  ADDR  002BH  NOT USED
TL0. . . . . . . . . . . . . . . . .  D  ADDR  008AH  NOT USED
TL1. . . . . . . . . . . . . . . . .  D  ADDR  008BH  NOT USED
TL2. . . . . . . . . . . . . . . . .  D  ADDR  00CCH  NOT USED
TMOD . . . . . . . . . . . . . . . .  D  ADDR  0089H  NOT USED
TR0. . . . . . . . . . . . . . . . .  B  ADDR  008CH  NOT USED
TR1. . . . . . . . . . . . . . . . .  B  ADDR  008EH  NOT USED
TR2. . . . . . . . . . . . . . . . .  B  ADDR  00CAH  NOT USED
TXD. . . . . . . . . . . . . . . . .  B  ADDR  00B1H  NOT USED
VERGLEICH. . . . . . . . . . . . . .  C  ADDR  0313H  NOT USED
WDTCON . . . . . . . . . . . . . . .  D  ADDR  00A7H  NOT USED
WDTPRG . . . . . . . . . . . . . . .  D  ADDR  00A7H  NOT USED
WDTRST . . . . . . . . . . . . . . .  D  ADDR  00A6H  NOT USED
WIRSINDLEBENDIG. . . . . . . . . . .  C  ADDR  01BDH
WR . . . . . . . . . . . . . . . . .  B  ADDR  00B6H  NOT USED